// Jest Snapshot v1, https://goo.gl/fbAQLP

exports[`Code Component tests should render the component 1`] = `
ShallowWrapper {
  "length": 1,
  Symbol(enzyme.__root__): [Circular],
  Symbol(enzyme.__unrendered__): <Code
    prop={
      Array [
        Object {
          "name": "theme",
          "val": "light",
        },
        Object {
          "name": "value",
          "val": 80,
        },
      ]
    }
    tagName="name"
  />,
  Symbol(enzyme.__renderer__): Object {
    "batchedUpdates": [Function],
    "getNode": [Function],
    "render": [Function],
    "simulateEvent": [Function],
    "unmount": [Function],
  },
  Symbol(enzyme.__node__): Object {
    "instance": null,
    "key": null,
    "nodeType": "host",
    "props": Object {
      "children": Array [
        "<",
        <span
          className="code__tag-name"
        >
          name
           
        </span>,
        Array [
          <span>
            <span
              className="code__props"
            >
              theme
            </span>
            =
            {
            <span
              className="code__value-string"
            >
              '
              light
              '
            </span>
            } 
          </span>,
          <span>
            <span
              className="code__props"
            >
              value
            </span>
            =
            {
            <span
              className="code__value-int"
            >
              80
            </span>
            } 
          </span>,
        ],
        "/",
        ">",
      ],
      "className": "code",
    },
    "ref": null,
    "rendered": Array [
      "<",
      Object {
        "instance": null,
        "key": null,
        "nodeType": "host",
        "props": Object {
          "children": Array [
            "name",
            " ",
          ],
          "className": "code__tag-name",
        },
        "ref": null,
        "rendered": Array [
          "name",
          " ",
        ],
        "type": "span",
      },
      Object {
        "instance": null,
        "key": "0",
        "nodeType": "host",
        "props": Object {
          "children": Array [
            <span
              className="code__props"
            >
              theme
            </span>,
            "=",
            "{",
            <span
              className="code__value-string"
            >
              '
              light
              '
            </span>,
            "} ",
          ],
        },
        "ref": null,
        "rendered": Array [
          Object {
            "instance": null,
            "key": null,
            "nodeType": "host",
            "props": Object {
              "children": "theme",
              "className": "code__props",
            },
            "ref": null,
            "rendered": "theme",
            "type": "span",
          },
          "=",
          "{",
          Object {
            "instance": null,
            "key": null,
            "nodeType": "host",
            "props": Object {
              "children": Array [
                "'",
                "light",
                "'",
              ],
              "className": "code__value-string",
            },
            "ref": null,
            "rendered": Array [
              "'",
              "light",
              "'",
            ],
            "type": "span",
          },
          "} ",
        ],
        "type": "span",
      },
      Object {
        "instance": null,
        "key": "1",
        "nodeType": "host",
        "props": Object {
          "children": Array [
            <span
              className="code__props"
            >
              value
            </span>,
            "=",
            "{",
            <span
              className="code__value-int"
            >
              80
            </span>,
            "} ",
          ],
        },
        "ref": null,
        "rendered": Array [
          Object {
            "instance": null,
            "key": null,
            "nodeType": "host",
            "props": Object {
              "children": "value",
              "className": "code__props",
            },
            "ref": null,
            "rendered": "value",
            "type": "span",
          },
          "=",
          "{",
          Object {
            "instance": null,
            "key": null,
            "nodeType": "host",
            "props": Object {
              "children": 80,
              "className": "code__value-int",
            },
            "ref": null,
            "rendered": 80,
            "type": "span",
          },
          "} ",
        ],
        "type": "span",
      },
      "/",
      ">",
    ],
    "type": "pre",
  },
  Symbol(enzyme.__nodes__): Array [
    Object {
      "instance": null,
      "key": null,
      "nodeType": "host",
      "props": Object {
        "children": Array [
          "<",
          <span
            className="code__tag-name"
          >
            name
             
          </span>,
          Array [
            <span>
              <span
                className="code__props"
              >
                theme
              </span>
              =
              {
              <span
                className="code__value-string"
              >
                '
                light
                '
              </span>
              } 
            </span>,
            <span>
              <span
                className="code__props"
              >
                value
              </span>
              =
              {
              <span
                className="code__value-int"
              >
                80
              </span>
              } 
            </span>,
          ],
          "/",
          ">",
        ],
        "className": "code",
      },
      "ref": null,
      "rendered": Array [
        "<",
        Object {
          "instance": null,
          "key": null,
          "nodeType": "host",
          "props": Object {
            "children": Array [
              "name",
              " ",
            ],
            "className": "code__tag-name",
          },
          "ref": null,
          "rendered": Array [
            "name",
            " ",
          ],
          "type": "span",
        },
        Object {
          "instance": null,
          "key": "0",
          "nodeType": "host",
          "props": Object {
            "children": Array [
              <span
                className="code__props"
              >
                theme
              </span>,
              "=",
              "{",
              <span
                className="code__value-string"
              >
                '
                light
                '
              </span>,
              "} ",
            ],
          },
          "ref": null,
          "rendered": Array [
            Object {
              "instance": null,
              "key": null,
              "nodeType": "host",
              "props": Object {
                "children": "theme",
                "className": "code__props",
              },
              "ref": null,
              "rendered": "theme",
              "type": "span",
            },
            "=",
            "{",
            Object {
              "instance": null,
              "key": null,
              "nodeType": "host",
              "props": Object {
                "children": Array [
                  "'",
                  "light",
                  "'",
                ],
                "className": "code__value-string",
              },
              "ref": null,
              "rendered": Array [
                "'",
                "light",
                "'",
              ],
              "type": "span",
            },
            "} ",
          ],
          "type": "span",
        },
        Object {
          "instance": null,
          "key": "1",
          "nodeType": "host",
          "props": Object {
            "children": Array [
              <span
                className="code__props"
              >
                value
              </span>,
              "=",
              "{",
              <span
                className="code__value-int"
              >
                80
              </span>,
              "} ",
            ],
          },
          "ref": null,
          "rendered": Array [
            Object {
              "instance": null,
              "key": null,
              "nodeType": "host",
              "props": Object {
                "children": "value",
                "className": "code__props",
              },
              "ref": null,
              "rendered": "value",
              "type": "span",
            },
            "=",
            "{",
            Object {
              "instance": null,
              "key": null,
              "nodeType": "host",
              "props": Object {
                "children": 80,
                "className": "code__value-int",
              },
              "ref": null,
              "rendered": 80,
              "type": "span",
            },
            "} ",
          ],
          "type": "span",
        },
        "/",
        ">",
      ],
      "type": "pre",
    },
  ],
  Symbol(enzyme.__options__): Object {
    "adapter": ReactFifteenAdapter {
      "options": Object {
        "supportPrevContextArgumentOfComponentDidUpdate": true,
      },
    },
  },
}
`;
